// Jest Snapshot v1, https://goo.gl/fbAQLP

exports[`sources and compiled output can be collocated 1`] = `
"# ~~ Generated by projen. To modify, edit .projenrc.js and run \\"npx projen\\".
*.lcov
*.log
*.pid
*.pid.lock
*.seed
*.tgz
*.tsbuildinfo
.cache
.eslintcache
.nyc_output
.yarn-integrity
/coverage
/dist
/dist/changelog.md
/dist/version.txt
/lib/**/*.d.ts
/lib/**/*.js
/test-reports/
build/Release
coverage
jspm_packages/
junit.xml
lerna-debug.log*
lib-cov
logs
node_modules/
npm-debug.log*
pids
report.[0-9]*.[0-9]*.[0-9]*.[0-9]*.json
yarn-debug.log*
yarn-error.log*
!/.eslintrc.json
!/.gitattributes
!/.github/pull_request_template.md
!/.github/workflows/build.yml
!/.github/workflows/release.yml
!/.github/workflows/stale.yml
!/.github/workflows/upgrade.yml
!/.mergify.yml
!/.npmignore
!/.projen/deps.json
!/.projen/tasks.json
!/.projenrc.js
!/LICENSE
!/lib
!/package.json
!/test
!/tsconfig.eslint.json
!/tsconfig.jest.json
!/tsconfig.json
"
`;
